PRT1
19
44
64
4 0 12 0 (0 0 64 ) (0 0 128 ) (0 64 128 ) (0 64 64 ) 
4 0 8 0 (0 0 128 ) (0 0 64 ) (224 0 64 ) (224 0 128 ) 
4 0 1 0 (224 0 64 ) (0 0 64 ) (0 64 64 ) (224 64 64 ) 
4 1 13 0 (0 0 0 ) (0 0 64 ) (0 128 64 ) (0 128 0 ) 
4 1 10 0 (0 0 64 ) (0 0 0 ) (288 0 0 ) (288 0 64 ) 
4 1 4 0 (48 40 0 ) (48 64 0 ) (128 64 0 ) (128 40 0 ) 
4 1 6 0 (128 0 0 ) (48 0 0 ) (48 40 0 ) (128 40 0 ) 
4 1 3 0 (288 0 0 ) (128 0 0 ) (128 64 0 ) (288 64 0 ) 
4 1 2 0 (48 64 0 ) (48 128 0 ) (288 128 0 ) (288 64 0 ) 
4 1 7 0 (48 0 0 ) (0 0 0 ) (0 128 0 ) (48 128 0 ) 
4 2 5 0 (64 64 -64 ) (112 64 -64 ) (112 64 -48 ) (64 64 -48 ) 
4 2 4 0 (48 64 0 ) (48 64 -40 ) (128 64 -40 ) (128 64 0 ) 
4 2 3 0 (128 64 -64 ) (288 64 -64 ) (288 64 0 ) (128 64 0 ) 
4 2 7 0 (48 128 0 ) (48 128 -64 ) (48 64 -64 ) (48 64 0 ) 
4 3 11 0 (128 0 -64 ) (288 0 -64 ) (288 0 0 ) (128 0 0 ) 
4 3 4 0 (128 64 0 ) (128 64 -40 ) (128 40 -40 ) (128 40 0 ) 
4 3 6 0 (128 40 -64 ) (128 0 -64 ) (128 0 0 ) (128 40 0 ) 
4 4 7 0 (48 40 -40 ) (48 40 0 ) (48 64 0 ) (48 64 -40 ) 
4 4 6 0 (48 40 0 ) (48 40 -40 ) (128 40 -40 ) (128 40 0 ) 
4 5 6 0 (64 40 -64 ) (112 40 -64 ) (112 40 -48 ) (64 40 -48 ) 
4 6 11 0 (48 0 -64 ) (128 0 -64 ) (128 0 0 ) (48 0 0 ) 
4 6 7 0 (48 40 -64 ) (48 0 -64 ) (48 0 0 ) (48 40 0 ) 
4 7 14 0 (0 0 -64 ) (0 0 0 ) (0 128 0 ) (0 128 -64 ) 
4 7 11 0 (0 0 0 ) (0 0 -64 ) (48 0 -64 ) (48 0 0 ) 
4 8 16 0 (0 0 80 ) (0 0 64 ) (0 -64 64 ) (0 -64 80 ) 
4 8 15 0 (0 0 128 ) (0 0 80 ) (0 -64 80 ) (0 -64 128 ) 
4 8 10 0 (0 -64 64 ) (0 0 64 ) (224 0 64 ) (224 -64 64 ) 
4 8 9 2 (0 -64 64 ) (224 -64 64 ) (224 -64 80 ) (0 -64 80 ) 
4 9 16 0 (0 -64 64 ) (0 -128 64 ) (0 -128 80 ) (0 -64 80 ) 
4 9 10 0 (224 -128 64 ) (0 -128 64 ) (0 -64 64 ) (224 -64 64 ) 
4 10 16 0 (0 0 64 ) (0 0 0 ) (0 -128 0 ) (0 -128 64 ) 
4 10 11 0 (0 -128 0 ) (0 0 0 ) (288 0 0 ) (288 -128 0 ) 
4 11 18 0 (0 -128 -64 ) (0 -128 0 ) (0 0 0 ) (0 0 -64 ) 
4 12 16 0 (-64 0 64 ) (0 0 64 ) (0 0 80 ) (-64 0 80 ) 
4 12 15 0 (0 0 80 ) (0 0 128 ) (-64 0 128 ) (-64 0 80 ) 
4 12 13 0 (0 0 64 ) (-64 0 64 ) (-64 64 64 ) (0 64 64 ) 
4 13 17 0 (-128 0 0 ) (-64 0 0 ) (-64 0 64 ) (-128 0 64 ) 
4 13 16 0 (-64 0 0 ) (0 0 0 ) (0 0 64 ) (-64 0 64 ) 
4 13 14 0 (0 0 0 ) (-128 0 0 ) (-128 128 0 ) (0 128 0 ) 
4 14 18 0 (0 0 -64 ) (0 0 0 ) (-128 0 0 ) (-128 0 -64 ) 
4 15 16 2 (-64 -64 80 ) (-64 0 80 ) (0 0 80 ) (0 -64 80 ) 
4 16 18 0 (-64 0 0 ) (0 0 0 ) (0 -128 0 ) (-64 -128 0 ) 
4 16 17 2 (-64 0 64 ) (-64 0 0 ) (-64 -128 0 ) (-64 -128 64 ) 
4 17 18 0 (-128 0 0 ) (-64 0 0 ) (-64 -128 0 ) (-128 -128 0 ) 
4 0 (0 64 128 ) (224 64 128 ) (224 64 64 ) (0 64 64 ) 
4 0 (224 64 128 ) (0 64 128 ) (0 0 128 ) (224 0 128 ) 
4 0 (224 0 128 ) (224 0 64 ) (224 64 64 ) (224 64 128 ) 
4 1 (288 128 64 ) (288 128 0 ) (0 128 0 ) (0 128 64 ) 
4 1 (288 64 64 ) (288 128 64 ) (0 128 64 ) (0 64 64 ) 
4 1 (288 64 64 ) (224 64 64 ) (224 0 64 ) (288 0 64 ) 
4 1 (288 0 0 ) (288 128 0 ) (288 128 64 ) (288 0 64 ) 
4 2 (112 64 -64 ) (128 64 -64 ) (128 64 -48 ) (112 64 -48 ) 
4 2 (48 64 -48 ) (48 64 -64 ) (64 64 -64 ) (64 64 -48 ) 
4 2 (48 64 -40 ) (48 64 -48 ) (128 64 -48 ) (128 64 -40 ) 
4 2 (48 64 -64 ) (48 128 -64 ) (288 128 -64 ) (288 64 -64 ) 
4 2 (288 128 -64 ) (48 128 -64 ) (48 128 0 ) (288 128 0 ) 
4 2 (288 64 0 ) (288 64 -64 ) (288 128 -64 ) (288 128 0 ) 
4 3 (128 64 -48 ) (128 64 -64 ) (128 40 -64 ) (128 40 -48 ) 
4 3 (128 64 -40 ) (128 64 -48 ) (128 40 -48 ) (128 40 -40 ) 
4 3 (288 0 -64 ) (128 0 -64 ) (128 64 -64 ) (288 64 -64 ) 
4 3 (288 0 0 ) (288 0 -64 ) (288 64 -64 ) (288 64 0 ) 
4 4 (128 40 -40 ) (48 40 -40 ) (48 64 -40 ) (128 64 -40 ) 
4 5 (64 40 -64 ) (64 40 -48 ) (64 64 -48 ) (64 64 -64 ) 
4 5 (112 64 -48 ) (64 64 -48 ) (64 40 -48 ) (112 40 -48 ) 
4 5 (64 64 -64 ) (112 64 -64 ) (112 40 -64 ) (64 40 -64 ) 
4 5 (112 64 -64 ) (112 64 -48 ) (112 40 -48 ) (112 40 -64 ) 
4 6 (112 40 -48 ) (128 40 -48 ) (128 40 -64 ) (112 40 -64 ) 
4 6 (64 40 -48 ) (64 40 -64 ) (48 40 -64 ) (48 40 -48 ) 
4 6 (128 40 -40 ) (128 40 -48 ) (48 40 -48 ) (48 40 -40 ) 
4 6 (128 0 -64 ) (48 0 -64 ) (48 40 -64 ) (128 40 -64 ) 
4 7 (48 64 -48 ) (48 40 -48 ) (48 40 -64 ) (48 64 -64 ) 
4 7 (48 64 -48 ) (48 64 -40 ) (48 40 -40 ) (48 40 -48 ) 
4 7 (48 0 -64 ) (0 0 -64 ) (0 128 -64 ) (48 128 -64 ) 
4 7 (48 128 -64 ) (0 128 -64 ) (0 128 0 ) (48 128 0 ) 
4 8 (224 -64 80 ) (224 -64 128 ) (0 -64 128 ) (0 -64 80 ) 
4 8 (224 0 128 ) (224 -64 128 ) (224 -64 64 ) (224 0 64 ) 
4 8 (224 -64 128 ) (224 0 128 ) (0 0 128 ) (0 -64 128 ) 
4 9 (0 -128 80 ) (0 -128 64 ) (224 -128 64 ) (224 -128 80 ) 
4 9 (224 -64 80 ) (224 -128 80 ) (224 -128 64 ) (224 -64 64 ) 
4 9 (0 -128 80 ) (224 -128 80 ) (224 -64 80 ) (0 -64 80 ) 
4 10 (0 -128 64 ) (0 -128 0 ) (288 -128 0 ) (288 -128 64 ) 
4 10 (288 0 64 ) (224 0 64 ) (224 -128 64 ) (288 -128 64 ) 
4 10 (288 0 64 ) (288 -128 64 ) (288 -128 0 ) (288 0 0 ) 
4 11 (288 -128 -64 ) (0 -128 -64 ) (0 0 -64 ) (288 0 -64 ) 
4 11 (288 -128 0 ) (0 -128 0 ) (0 -128 -64 ) (288 -128 -64 ) 
4 11 (288 0 0 ) (288 -128 0 ) (288 -128 -64 ) (288 0 -64 ) 
4 12 (0 64 128 ) (-64 64 128 ) (-64 0 128 ) (0 0 128 ) 
4 12 (-64 64 64 ) (-64 0 64 ) (-64 0 128 ) (-64 64 128 ) 
4 12 (0 64 64 ) (-64 64 64 ) (-64 64 128 ) (0 64 128 ) 
4 13 (-128 128 64 ) (0 128 64 ) (0 128 0 ) (-128 128 0 ) 
4 13 (0 64 64 ) (0 128 64 ) (-64 128 64 ) (-64 64 64 ) 
4 13 (-64 128 64 ) (-128 128 64 ) (-128 0 64 ) (-64 0 64 ) 
4 13 (-128 128 64 ) (-128 128 0 ) (-128 0 0 ) (-128 0 64 ) 
4 14 (0 0 -64 ) (-128 0 -64 ) (-128 128 -64 ) (0 128 -64 ) 
4 14 (-128 0 -64 ) (-128 0 0 ) (-128 128 0 ) (-128 128 -64 ) 
4 14 (0 128 0 ) (0 128 -64 ) (-128 128 -64 ) (-128 128 0 ) 
4 15 (-64 0 128 ) (-64 0 80 ) (-64 -64 80 ) (-64 -64 128 ) 
4 15 (0 -64 128 ) (0 0 128 ) (-64 0 128 ) (-64 -64 128 ) 
4 15 (-64 -64 80 ) (0 -64 80 ) (0 -64 128 ) (-64 -64 128 ) 
4 16 (-64 0 80 ) (-64 0 64 ) (-64 -128 64 ) (-64 -128 80 ) 
4 16 (0 -128 80 ) (0 -64 80 ) (-64 -64 80 ) (-64 -128 80 ) 
4 16 (0 -128 80 ) (-64 -128 80 ) (-64 -128 0 ) (0 -128 0 ) 
4 17 (-128 0 64 ) (-128 0 0 ) (-128 -128 0 ) (-128 -128 64 ) 
4 17 (-128 -128 0 ) (-64 -128 0 ) (-64 -128 64 ) (-128 -128 64 ) 
4 17 (-64 0 64 ) (-128 0 64 ) (-128 -128 64 ) (-64 -128 64 ) 
4 18 (-128 -128 -64 ) (-128 0 -64 ) (0 0 -64 ) (0 -128 -64 ) 
4 18 (-128 -128 0 ) (-128 0 0 ) (-128 0 -64 ) (-128 -128 -64 ) 
4 18 (-128 -128 0 ) (-128 -128 -64 ) (0 -128 -64 ) (0 -128 0 ) 
